Archive member included to satisfy reference by file (symbol)

F:/Nejc/Programi/STM32CubeIDE_1.10.1/STM32CubeIDE/plugins/com.st.stm32cube.ide.mcu.externaltools.gnu-tools-for-stm32.12.3.rel1.win32_1.0.100.202403111256/tools/bin/../lib/gcc/arm-none-eabi/12.3.1/../../../../arm-none-eabi/lib/thumb/v7e-m+fp/hard\libc_nano.a(libc_a-exit.o)
                              F:/Nejc/Programi/STM32CubeIDE_1.10.1/STM32CubeIDE/plugins/com.st.stm32cube.ide.mcu.externaltools.gnu-tools-for-stm32.12.3.rel1.win32_1.0.100.202403111256/tools/bin/../lib/gcc/arm-none-eabi/12.3.1/../../../../arm-none-eabi/lib/thumb/v7e-m+fp/hard/crt0.o (exit)
F:/Nejc/Programi/STM32CubeIDE_1.10.1/STM32CubeIDE/plugins/com.st.stm32cube.ide.mcu.externaltools.gnu-tools-for-stm32.12.3.rel1.win32_1.0.100.202403111256/tools/bin/../lib/gcc/arm-none-eabi/12.3.1/../../../../arm-none-eabi/lib/thumb/v7e-m+fp/hard\libc_nano.a(libc_a-findfp.o)
                              F:/Nejc/Programi/STM32CubeIDE_1.10.1/STM32CubeIDE/plugins/com.st.stm32cube.ide.mcu.externaltools.gnu-tools-for-stm32.12.3.rel1.win32_1.0.100.202403111256/tools/bin/../lib/gcc/arm-none-eabi/12.3.1/../../../../arm-none-eabi/lib/thumb/v7e-m+fp/hard\libc_nano.a(libc_a-exit.o) (__stdio_exit_handler)
F:/Nejc/Programi/STM32CubeIDE_1.10.1/STM32CubeIDE/plugins/com.st.stm32cube.ide.mcu.externaltools.gnu-tools-for-stm32.12.3.rel1.win32_1.0.100.202403111256/tools/bin/../lib/gcc/arm-none-eabi/12.3.1/../../../../arm-none-eabi/lib/thumb/v7e-m+fp/hard\libc_nano.a(libc_a-fwalk.o)
                              F:/Nejc/Programi/STM32CubeIDE_1.10.1/STM32CubeIDE/plugins/com.st.stm32cube.ide.mcu.externaltools.gnu-tools-for-stm32.12.3.rel1.win32_1.0.100.202403111256/tools/bin/../lib/gcc/arm-none-eabi/12.3.1/../../../../arm-none-eabi/lib/thumb/v7e-m+fp/hard\libc_nano.a(libc_a-findfp.o) (_fwalk_sglue)
F:/Nejc/Programi/STM32CubeIDE_1.10.1/STM32CubeIDE/plugins/com.st.stm32cube.ide.mcu.externaltools.gnu-tools-for-stm32.12.3.rel1.win32_1.0.100.202403111256/tools/bin/../lib/gcc/arm-none-eabi/12.3.1/../../../../arm-none-eabi/lib/thumb/v7e-m+fp/hard\libc_nano.a(libc_a-stdio.o)
                              F:/Nejc/Programi/STM32CubeIDE_1.10.1/STM32CubeIDE/plugins/com.st.stm32cube.ide.mcu.externaltools.gnu-tools-for-stm32.12.3.rel1.win32_1.0.100.202403111256/tools/bin/../lib/gcc/arm-none-eabi/12.3.1/../../../../arm-none-eabi/lib/thumb/v7e-m+fp/hard\libc_nano.a(libc_a-findfp.o) (__sread)
F:/Nejc/Programi/STM32CubeIDE_1.10.1/STM32CubeIDE/plugins/com.st.stm32cube.ide.mcu.externaltools.gnu-tools-for-stm32.12.3.rel1.win32_1.0.100.202403111256/tools/bin/../lib/gcc/arm-none-eabi/12.3.1/../../../../arm-none-eabi/lib/thumb/v7e-m+fp/hard\libc_nano.a(libc_a-memset.o)
                              F:/Nejc/Programi/STM32CubeIDE_1.10.1/STM32CubeIDE/plugins/com.st.stm32cube.ide.mcu.externaltools.gnu-tools-for-stm32.12.3.rel1.win32_1.0.100.202403111256/tools/bin/../lib/gcc/arm-none-eabi/12.3.1/../../../../arm-none-eabi/lib/thumb/v7e-m+fp/hard/crt0.o (memset)
F:/Nejc/Programi/STM32CubeIDE_1.10.1/STM32CubeIDE/plugins/com.st.stm32cube.ide.mcu.externaltools.gnu-tools-for-stm32.12.3.rel1.win32_1.0.100.202403111256/tools/bin/../lib/gcc/arm-none-eabi/12.3.1/../../../../arm-none-eabi/lib/thumb/v7e-m+fp/hard\libc_nano.a(libc_a-strcat.o)
                              ./Core/Src/apc1.o (strcat)
F:/Nejc/Programi/STM32CubeIDE_1.10.1/STM32CubeIDE/plugins/com.st.stm32cube.ide.mcu.externaltools.gnu-tools-for-stm32.12.3.rel1.win32_1.0.100.202403111256/tools/bin/../lib/gcc/arm-none-eabi/12.3.1/../../../../arm-none-eabi/lib/thumb/v7e-m+fp/hard\libc_nano.a(libc_a-closer.o)
                              F:/Nejc/Programi/STM32CubeIDE_1.10.1/STM32CubeIDE/plugins/com.st.stm32cube.ide.mcu.externaltools.gnu-tools-for-stm32.12.3.rel1.win32_1.0.100.202403111256/tools/bin/../lib/gcc/arm-none-eabi/12.3.1/../../../../arm-none-eabi/lib/thumb/v7e-m+fp/hard\libc_nano.a(libc_a-stdio.o) (_close_r)
F:/Nejc/Programi/STM32CubeIDE_1.10.1/STM32CubeIDE/plugins/com.st.stm32cube.ide.mcu.externaltools.gnu-tools-for-stm32.12.3.rel1.win32_1.0.100.202403111256/tools/bin/../lib/gcc/arm-none-eabi/12.3.1/../../../../arm-none-eabi/lib/thumb/v7e-m+fp/hard\libc_nano.a(libc_a-reent.o)
                              F:/Nejc/Programi/STM32CubeIDE_1.10.1/STM32CubeIDE/plugins/com.st.stm32cube.ide.mcu.externaltools.gnu-tools-for-stm32.12.3.rel1.win32_1.0.100.202403111256/tools/bin/../lib/gcc/arm-none-eabi/12.3.1/../../../../arm-none-eabi/lib/thumb/v7e-m+fp/hard\libc_nano.a(libc_a-closer.o) (errno)
F:/Nejc/Programi/STM32CubeIDE_1.10.1/STM32CubeIDE/plugins/com.st.stm32cube.ide.mcu.externaltools.gnu-tools-for-stm32.12.3.rel1.win32_1.0.100.202403111256/tools/bin/../lib/gcc/arm-none-eabi/12.3.1/../../../../arm-none-eabi/lib/thumb/v7e-m+fp/hard\libc_nano.a(libc_a-impure.o)
[...]
Memory Configuration

Name             Origin             Length             Attributes
RAM              0x20000000         0x00020000         xrw
FLASH            0x08000000         0x00080000         xr
*default*        0x00000000         0xffffffff

Linker script and memory map

LOAD F:/Nejc/Programi/STM32CubeIDE_1.10.1/STM32CubeIDE/plugins/com.st.stm32cube.ide.mcu.externaltools.gnu-tools-for-stm32.12.3.rel1.win32_1.0.100.202403111256/tools/bin/../lib/gcc/arm-none-eabi/12.3.1/thumb/v7e-m+fp/hard/crti.o
LOAD F:/Nejc/Programi/STM32CubeIDE_1.10.1/STM32CubeIDE/plugins/com.st.stm32cube.ide.mcu.externaltools.gnu-tools-for-stm32.12.3.rel1.win32_1.0.100.202403111256/tools/bin/../lib/gcc/arm-none-eabi/12.3.1/thumb/v7e-m+fp/hard/crtbegin.o
LOAD F:/Nejc/Programi/STM32CubeIDE_1.10.1/STM32CubeIDE/plugins/com.st.stm32cube.ide.mcu.externaltools.gnu-tools-for-stm32.12.3.rel1.win32_1.0.100.202403111256/tools/bin/../lib/gcc/arm-none-eabi/12.3.1/../../../../arm-none-eabi/lib/thumb/v7e-m+fp/hard/crt0.o
LOAD ./Core/Src/apc1.o
LOAD ./Core/Src/main.o
LOAD ./Core/Src/stm32f4xx_hal_msp.o
LOAD ./Core/Src/stm32f4xx_it.o
LOAD ./Core/Src/syscalls.o
LOAD ./Core/Src/sysmem.o
LOAD ./Core/Src/system_stm32f4xx.o
LOAD ./Core/Startup/startup_stm32f411retx.o
LOAD ./Drivers/STM32F4xx_HAL_Driver/Src/stm32f4xx_hal.o
LOAD ./Drivers/STM32F4xx_HAL_Driver/Src/stm32f4xx_hal_cortex.o
LOAD ./Drivers/STM32F4xx_HAL_Driver/Src/stm32f4xx_hal_dma.o
LOAD ./Drivers/STM32F4xx_HAL_Driver/Src/stm32f4xx_hal_dma_ex.o
LOAD ./Drivers/STM32F4xx_HAL_Driver/Src/stm32f4xx_hal_exti.o
LOAD ./Drivers/STM32F4xx_HAL_Driver/Src/stm32f4xx_hal_flash.o
LOAD ./Drivers/STM32F4xx_HAL_Driver/Src/stm32f4xx_hal_flash_ex.o
LOAD ./Drivers/STM32F4xx_HAL_Driver/Src/stm32f4xx_hal_flash_ramfunc.o
LOAD ./Drivers/STM32F4xx_HAL_Driver/Src/stm32f4xx_hal_gpio.o
LOAD ./Drivers/STM32F4xx_HAL_Driver/Src/stm32f4xx_hal_pwr.o
LOAD ./Drivers/STM32F4xx_HAL_Driver/Src/stm32f4xx_hal_pwr_ex.o
LOAD ./Drivers/STM32F4xx_HAL_Driver/Src/stm32f4xx_hal_rcc.o
LOAD ./Drivers/STM32F4xx_HAL_Driver/Src/stm32f4xx_hal_rcc_ex.o
LOAD ./Drivers/STM32F4xx_HAL_Driver/Src/stm32f4xx_hal_tim.o
LOAD ./Drivers/STM32F4xx_HAL_Driver/Src/stm32f4xx_hal_tim_ex.o
LOAD ./Drivers/STM32F4xx_HAL_Driver/Src/stm32f4xx_hal_uart.o
START GROUP
LOAD F:/Nejc/Programi/STM32CubeIDE_1.10.1/STM32CubeIDE/plugins/com.st.stm32cube.ide.mcu.externaltools.gnu-tools-for-stm32.12.3.rel1.win32_1.0.100.202403111256/tools/bin/../lib/gcc/arm-none-eabi/12.3.1/../../../../arm-none-eabi/lib/thumb/v7e-m+fp/hard\libc_nano.a
LOAD F:/Nejc/Programi/STM32CubeIDE_1.10.1/STM32CubeIDE/plugins/com.st.stm32cube.ide.mcu.externaltools.gnu-tools-for-stm32.12.3.rel1.win32_1.0.100.202403111256/tools/bin/../lib/gcc/arm-none-eabi/12.3.1/../../../../arm-none-eabi/lib/thumb/v7e-m+fp/hard\libm.a
END GROUP
START GROUP
LOAD F:/Nejc/Programi/STM32CubeIDE_1.10.1/STM32CubeIDE/plugins/com.st.stm32cube.ide.mcu.externaltools.gnu-tools-for-stm32.12.3.rel1.win32_1.0.100.202403111256/tools/bin/../lib/gcc/arm-none-eabi/12.3.1/thumb/v7e-m+fp/hard\libgcc.a
LOAD F:/Nejc/Programi/STM32CubeIDE_1.10.1/STM32CubeIDE/plugins/com.st.stm32cube.ide.mcu.externaltools.gnu-tools-for-stm32.12.3.rel1.win32_1.0.100.202403111256/tools/bin/../lib/gcc/arm-none-eabi/12.3.1/../../../../arm-none-eabi/lib/thumb/v7e-m+fp/hard\libc_nano.a
END GROUP
START GROUP
LOAD F:/Nejc/Programi/STM32CubeIDE_1.10.1/STM32CubeIDE/plugins/com.st.stm32cube.ide.mcu.externaltools.gnu-tools-for-stm32.12.3.rel1.win32_1.0.100.202403111256/tools/bin/../lib/gcc/arm-none-eabi/12.3.1/thumb/v7e-m+fp/hard\libgcc.a
LOAD F:/Nejc/Programi/STM32CubeIDE_1.10.1/STM32CubeIDE/plugins/com.st.stm32cube.ide.mcu.externaltools.gnu-tools-for-stm32.12.3.rel1.win32_1.0.100.202403111256/tools/bin/../lib/gcc/arm-none-eabi/12.3.1/../../../../arm-none-eabi/lib/thumb/v7e-m+fp/hard\libc_nano.a
LOAD F:/Nejc/Programi/STM32CubeIDE_1.10.1/STM32CubeIDE/plugins/com.st.stm32cube.ide.mcu.externaltools.gnu-tools-for-stm32.12.3.rel1.win32_1.0.100.202403111256/tools/bin/../lib/gcc/arm-none-eabi/12.3.1/../../../../arm-none-eabi/lib/thumb/v7e-m+fp/hard\libnosys.a
END GROUP
START GROUP
LOAD F:/Nejc/Programi/STM32CubeIDE_1.10.1/STM32CubeIDE/plugins/com.st.stm32cube.ide.mcu.externaltools.gnu-tools-for-stm32.12.3.rel1.win32_1.0.100.202403111256/tools/bin/../lib/gcc/arm-none-eabi/12.3.1/thumb/v7e-m+fp/hard\libgcc.a
LOAD F:/Nejc/Programi/STM32CubeIDE_1.10.1/STM32CubeIDE/plugins/com.st.stm32cube.ide.mcu.externaltools.gnu-tools-for-stm32.12.3.rel1.win32_1.0.100.202403111256/tools/bin/../lib/gcc/arm-none-eabi/12.3.1/../../../../arm-none-eabi/lib/thumb/v7e-m+fp/hard\libc_nano.a
LOAD F:/Nejc/Programi/STM32CubeIDE_1.10.1/STM32CubeIDE/plugins/com.st.stm32cube.ide.mcu.externaltools.gnu-tools-for-stm32.12.3.rel1.win32_1.0.100.202403111256/tools/bin/../lib/gcc/arm-none-eabi/12.3.1/../../../../arm-none-eabi/lib/thumb/v7e-m+fp/hard\libnosys.a
END GROUP
LOAD F:/Nejc/Programi/STM32CubeIDE_1.10.1/STM32CubeIDE/plugins/com.st.stm32cube.ide.mcu.externaltools.gnu-tools-for-stm32.12.3.rel1.win32_1.0.100.202403111256/tools/bin/../lib/gcc/arm-none-eabi/12.3.1/thumb/v7e-m+fp/hard/crtend.o
LOAD F:/Nejc/Programi/STM32CubeIDE_1.10.1/STM32CubeIDE/plugins/com.st.stm32cube.ide.mcu.externaltools.gnu-tools-for-stm32.12.3.rel1.win32_1.0.100.202403111256/tools/bin/../lib/gcc/arm-none-eabi/12.3.1/thumb/v7e-m+fp/hard/crtn.o
                0x20020000                        _estack = (ORIGIN (RAM) + LENGTH (RAM))
                0x00000200                        _Min_Heap_Size = 0x200
                0x00000400                        _Min_Stack_Size = 0x400

.isr_vector     0x08000000      0x198
                0x08000000                        . = ALIGN (0x4)
 *(.isr_vector)
 .isr_vector    0x08000000      0x198 ./Core/Startup/startup_stm32f411retx.o
                0x08000000                g_pfnVectors
                0x08000198                        . = ALIGN (0x4)

.text           0x08000198     0x3494
                0x08000198                        . = ALIGN (0x4)
 *(.text)
 .text          0x08000198       0x40 F:/Nejc/Programi/STM32CubeIDE_1.10.1/STM32CubeIDE/plugins/com.st.stm32cube.ide.mcu.externaltools.gnu-tools-for-stm32.12.3.rel1.win32_1.0.100.202403111256/tools/bin/../lib/gcc/arm-none-eabi/12.3.1/thumb/v7e-m+fp/hard/crtbegin.o
 .text          0x080001d8       0x10 F:/Nejc/Programi/STM32CubeIDE_1.10.1/STM32CubeIDE/plugins/com.st.stm32cube.ide.mcu.externaltools.gnu-tools-for-stm32.12.3.rel1.win32_1.0.100.202403111256/tools/bin/../lib/gcc/arm-none-eabi/12.3.1/../../../../arm-none-eabi/lib/thumb/v7e-m+fp/hard\libc_nano.a(libc_a-strlen.o)
                0x080001d8                strlen
 .text          0x080001e8      0x378 F:/Nejc/Programi/STM32CubeIDE_1.10.1/STM32CubeIDE/plugins/com.st.stm32cube.ide.mcu.externaltools.gnu-tools-for-stm32.12.3.rel1.win32_1.0.100.202403111256/tools/bin/../lib/gcc/arm-none-eabi/12.3.1/thumb/v7e-m+fp/hard\libgcc.a(_arm_addsubdf3.o)
                0x080001e8                __aeabi_drsub
                0x080001f0                __aeabi_dsub
                0x080001f0                __subdf3
                0x080001f4                __aeabi_dadd
                0x080001f4                __adddf3
                0x0800046c                __floatunsidf
                0x0800046c                __aeabi_ui2d
                0x0800048c                __floatsidf
                0x0800048c                __aeabi_i2d
                0x080004b0                __aeabi_f2d
                0x080004b0                __extendsfdf2
                0x080004f4                __floatundidf
                0x080004f4                __aeabi_ul2d
                0x08000504                __floatdidf
                0x08000504                __aeabi_l2d
 .text          0x08000560       0x30 F:/Nejc/Programi/STM32CubeIDE_1.10.1/STM32CubeIDE/plugins/com.st.stm32cube.ide.mcu.externaltools.gnu-tools-for-stm32.12.3.rel1.win32_1.0.100.202403111256/tools/bin/../lib/gcc/arm-none-eabi/12.3.1/thumb/v7e-m+fp/hard\libgcc.a(_aeabi_uldivmod.o)
                0x08000560                __aeabi_uldivmod
 .text          0x08000590      0x2bc F:/Nejc/Programi/STM32CubeIDE_1.10.1/STM32CubeIDE/plugins/com.st.stm32cube.ide.mcu.externaltools.gnu-tools-for-stm32.12.3.rel1.win32_1.0.100.202403111256/tools/bin/../lib/gcc/arm-none-eabi/12.3.1/thumb/v7e-m+fp/hard\libgcc.a(_udivmoddi4.o)
                0x08000590                __udivmoddi4
 .text          0x0800084c        0x4 F:/Nejc/Programi/STM32CubeIDE_1.10.1/STM32CubeIDE/plugins/com.st.stm32cube.ide.mcu.externaltools.gnu-tools-for-stm32.12.3.rel1.win32_1.0.100.202403111256/tools/bin/../lib/gcc/arm-none-eabi/12.3.1/thumb/v7e-m+fp/hard\libgcc.a(_dvmd_tls.o)
                0x0800084c                __aeabi_idiv0
                0x0800084c                __aeabi_ldiv0
 *(.text*)
 .text.APC1_Init_Sensor
                0x08000850       0x4c ./Core/Src/apc1.o
                0x08000850                APC1_Init_Sensor
 .text.APC1_Send_Receive_Command
                0x0800089c       0x64 ./Core/Src/apc1.o
                0x0800089c                APC1_Send_Receive_Command
 .text.APC1_Read_Mea_Data
                0x08000900       0x68 ./Core/Src/apc1.o
                0x08000900                APC1_Read_Mea_Data
 .text.APC1_Process_Mea_Data
                0x08000968       0xbc ./Core/Src/apc1.o
                0x08000968                APC1_Process_Mea_Data
 .text.APC1_Check_Checksum
                0x08000a24       0x64 ./Core/Src/apc1.o
                0x08000a24                APC1_Check_Checksum
 .text.APC1_Check_For_Error
                0x08000a88       0xb4 ./Core/Src/apc1.o
                0x08000a88                APC1_Check_For_Error
 .text.APC1_Get_PM1_0
                0x08000b3c       0x18 ./Core/Src/apc1.o
                0x08000b3c                APC1_Get_PM1_0
 .text.APC1_Get_PM2_5
                0x08000b54       0x18 ./Core/Src/apc1.o
                0x08000b54                APC1_Get_PM2_5
 .text.APC1_Get_PM10
                0x08000b6c       0x18 ./Core/Src/apc1.o
                0x08000b6c                APC1_Get_PM10
 .text.APC1_Get_PM1_0_air
                0x08000b84       0x18 ./Core/Src/apc1.o
                0x08000b84                APC1_Get_PM1_0_air
 .text.APC1_Get_PM2_5_air
                0x08000b9c       0x18 ./Core/Src/apc1.o
                0x08000b9c                APC1_Get_PM2_5_air
 .text.APC1_Get_PM10_air
                0x08000bb4       0x18 ./Core/Src/apc1.o
                0x08000bb4                APC1_Get_PM10_air
 .text.APC1_Get_Particles_GT_0_3
                0x08000bcc       0x18 ./Core/Src/apc1.o
                0x08000bcc                APC1_Get_Particles_GT_0_3
 .text.APC1_Get_Particles_GT_0_5
                0x08000be4       0x20 ./Core/Src/apc1.o
                0x08000be4                APC1_Get_Particles_GT_0_5
 .text.APC1_Get_Particles_GT_1_0
                0x08000c04       0x20 ./Core/Src/apc1.o
                0x08000c04                APC1_Get_Particles_GT_1_0
 .text.APC1_Get_Particles_GT_2_5
                0x08000c24       0x20 ./Core/Src/apc1.o
                0x08000c24                APC1_Get_Particles_GT_2_5
 .text.APC1_Get_Particles_GT_5_0
                0x08000c44       0x20 ./Core/Src/apc1.o
                0x08000c44                APC1_Get_Particles_GT_5_0
 .text.APC1_Get_Particles_GT_10
                0x08000c64       0x20 ./Core/Src/apc1.o
                0x08000c64                APC1_Get_Particles_GT_10
 .text.APC1_Get_TVOC
                0x08000c84       0x18 ./Core/Src/apc1.o
                0x08000c84                APC1_Get_TVOC
 .text.APC1_Get_eCO2
                0x08000c9c       0x18 ./Core/Src/apc1.o
                0x08000c9c                APC1_Get_eCO2
 .text.APC1_Get_T_Comp
                0x08000cb4       0x3c ./Core/Src/apc1.o
                0x08000cb4                APC1_Get_T_Comp
 .text.APC1_Get_RH_Comp
                0x08000cf0       0x3c ./Core/Src/apc1.o
                0x08000cf0                APC1_Get_RH_Comp
 .text.APC1_Get_T_Raw
                0x08000d2c       0x3c ./Core/Src/apc1.o
                0x08000d2c                APC1_Get_T_Raw
 .text.APC1_Get_RH_Raw
                0x08000d68       0x3c ./Core/Src/apc1.o
                0x08000d68                APC1_Get_RH_Raw
 .text.APC1_Get_AQI
                0x08000da4       0x18 ./Core/Src/apc1.o
                0x08000da4                APC1_Get_AQI
 .text.APC1_Get_AQI_String
                0x08000dbc       0x38 ./Core/Src/apc1.o
                0x08000dbc                APC1_Get_AQI_String
 .text.APC1_Get_Error_String
                0x08000df4       0x14 ./Core/Src/apc1.o
                0x08000df4                APC1_Get_Error_String
 .text.HAL_UART_RxCpltCallback
                0x08000e08       0x28 ./Core/Src/apc1.o
                0x08000e08                HAL_UART_RxCpltCallback
 .text.main     0x08000e30      0x1a4 ./Core/Src/main.o
                0x08000e30                main
 .text.SystemClock_Config
                0x08000fd4       0xd4 ./Core/Src/main.o
                0x08000fd4                SystemClock_Config
 .text.MX_USART1_UART_Init
                0x080010a8       0x54 ./Core/Src/main.o
 .text.MX_GPIO_Init
                0x080010fc       0xdc ./Core/Src/main.o
 .text.Error_Handler
                0x080011d8       0x18 ./Core/Src/main.o
                0x080011d8                Error_Handler
 .text.HAL_MspInit
                0x080011f0       0x50 ./Core/Src/stm32f4xx_hal_msp.o
                0x080011f0                HAL_MspInit
 .text.HAL_UART_MspInit
                0x08001240       0xa0 ./Core/Src/stm32f4xx_hal_msp.o
                0x08001240                HAL_UART_MspInit
 .text.NMI_Handler
                0x080012e0        0x8 ./Core/Src/stm32f4xx_it.o
                0x080012e0                NMI_Handler
 .text.HardFault_Handler
                0x080012e8        0x8 ./Core/Src/stm32f4xx_it.o
                0x080012e8                HardFault_Handler
 .text.MemManage_Handler
                0x080012f0        0x8 ./Core/Src/stm32f4xx_it.o
                0x080012f0                MemManage_Handler
 .text.BusFault_Handler
                0x080012f8        0x8 ./Core/Src/stm32f4xx_it.o
                0x080012f8                BusFault_Handler
 .text.UsageFault_Handler
                0x08001300        0x8 ./Core/Src/stm32f4xx_it.o
                0x08001300                UsageFault_Handler
 .text.SVC_Handler
                0x08001308        0xe ./Core/Src/stm32f4xx_it.o
                0x08001308                SVC_Handler
 .text.DebugMon_Handler
                0x08001316        0xe ./Core/Src/stm32f4xx_it.o
                0x08001316                DebugMon_Handler
 .text.PendSV_Handler
                0x08001324        0xe ./Core/Src/stm32f4xx_it.o
                0x08001324                PendSV_Handler
 .text.SysTick_Handler
                0x08001332        0xc ./Core/Src/stm32f4xx_it.o
                0x08001332                SysTick_Handler
 *fill*         0x0800133e        0x2 
 .text.USART1_IRQHandler
                0x08001340       0x14 ./Core/Src/stm32f4xx_it.o
                0x08001340                USART1_IRQHandler
 .text.SystemInit
                0x08001354       0x24 ./Core/Src/system_stm32f4xx.o
                0x08001354                SystemInit
 .text.Reset_Handler
                0x08001378       0x50 ./Core/Startup/startup_stm32f411retx.o
                0x08001378                Reset_Handler
 .text.Default_Handler
                0x080013c8        0x2 ./Core/Startup/startup_stm32f411retx.o
                0x080013c8                RTC_Alarm_IRQHandler
                0x080013c8                EXTI2_IRQHandler
                0x080013c8                SPI4_IRQHandler
                0x080013c8                TIM1_CC_IRQHandler
                0x080013c8                DMA2_Stream5_IRQHandler
                0x080013c8                DMA1_Stream5_IRQHandler
                0x080013c8                PVD_IRQHandler
                0x080013c8                SDIO_IRQHandler
                0x080013c8                TAMP_STAMP_IRQHandler
                0x080013c8                EXTI3_IRQHandler
                0x080013c8                TIM1_UP_TIM10_IRQHandler
                0x080013c8                I2C3_ER_IRQHandler
                0x080013c8                EXTI0_IRQHandler
                0x080013c8                I2C2_EV_IRQHandler
                0x080013c8                DMA1_Stream2_IRQHandler
                0x080013c8                FPU_IRQHandler
                0x080013c8                DMA2_Stream2_IRQHandler
                0x080013c8                SPI1_IRQHandler
                0x080013c8                TIM1_BRK_TIM9_IRQHandler
                0x080013c8                DMA2_Stream3_IRQHandler
                0x080013c8                USART6_IRQHandler
                0x080013c8                DMA2_Stream0_IRQHandler
                0x080013c8                TIM4_IRQHandler
                0x080013c8                I2C1_EV_IRQHandler
                0x080013c8                DMA1_Stream6_IRQHandler
                0x080013c8                DMA1_Stream1_IRQHandler
                0x080013c8                TIM3_IRQHandler
                0x080013c8                RCC_IRQHandler
                0x080013c8                Default_Handler
                0x080013c8                EXTI15_10_IRQHandler
                0x080013c8                ADC_IRQHandler
                0x080013c8                DMA1_Stream7_IRQHandler
                0x080013c8                SPI5_IRQHandler
                0x080013c8                TIM5_IRQHandler
                0x080013c8                DMA2_Stream7_IRQHandler
                0x080013c8                I2C3_EV_IRQHandler
                0x080013c8                EXTI9_5_IRQHandler
                0x080013c8                RTC_WKUP_IRQHandler
                0x080013c8                SPI2_IRQHandler
                0x080013c8                DMA1_Stream0_IRQHandler
                0x080013c8                EXTI4_IRQHandler
                0x080013c8                WWDG_IRQHandler
                0x080013c8                TIM2_IRQHandler
                0x080013c8                OTG_FS_WKUP_IRQHandler
                0x080013c8                TIM1_TRG_COM_TIM11_IRQHandler
                0x080013c8                EXTI1_IRQHandler
                0x080013c8                USART2_IRQHandler
                0x080013c8                I2C2_ER_IRQHandler
                0x080013c8                DMA2_Stream1_IRQHandler
                0x080013c8                FLASH_IRQHandler
                0x080013c8                DMA2_Stream4_IRQHandler
                0x080013c8                OTG_FS_IRQHandler
                0x080013c8                SPI3_IRQHandler
                0x080013c8                DMA1_Stream4_IRQHandler
                0x080013c8                I2C1_ER_IRQHandler
                0x080013c8                DMA2_Stream6_IRQHandler
                0x080013c8                DMA1_Stream3_IRQHandler
 *fill*         0x080013ca        0x2 
 .text.HAL_Init
                0x080013cc       0x44 ./Drivers/STM32F4xx_HAL_Driver/Src/stm32f4xx_hal.o
                0x080013cc                HAL_Init
 .text.HAL_InitTick
                0x08001410       0x60 ./Drivers/STM32F4xx_HAL_Driver/Src/stm32f4xx_hal.o
                0x08001410                HAL_InitTick
 .text.HAL_IncTick
                0x08001470       0x28 ./Drivers/STM32F4xx_HAL_Driver/Src/stm32f4xx_hal.o
                0x08001470                HAL_IncTick
 .text.HAL_GetTick
                0x08001498       0x18 ./Drivers/STM32F4xx_HAL_Driver/Src/stm32f4xx_hal.o
                0x08001498                HAL_GetTick
 .text.HAL_Delay
                0x080014b0       0x48 ./Drivers/STM32F4xx_HAL_Driver/Src/stm32f4xx_hal.o
                0x080014b0                HAL_Delay
 .text.__NVIC_SetPriorityGrouping
                0x080014f8       0x48 ./Drivers/STM32F4xx_HAL_Driver/Src/stm32f4xx_hal_cortex.o
 .text.__NVIC_GetPriorityGrouping
                0x08001540       0x1c ./Drivers/STM32F4xx_HAL_Driver/Src/stm32f4xx_hal_cortex.o
 .text.__NVIC_EnableIRQ
                0x0800155c       0x3c ./Drivers/STM32F4xx_HAL_Driver/Src/stm32f4xx_hal_cortex.o
 .text.__NVIC_SetPriority
                0x08001598       0x54 ./Drivers/STM32F4xx_HAL_Driver/Src/stm32f4xx_hal_cortex.o
 .text.NVIC_EncodePriority
                0x080015ec       0x66 ./Drivers/STM32F4xx_HAL_Driver/Src/stm32f4xx_hal_cortex.o
 *fill*         0x08001652        0x2 
 .text.SysTick_Config
                0x08001654       0x44 ./Drivers/STM32F4xx_HAL_Driver/Src/stm32f4xx_hal_cortex.o
 .text.HAL_NVIC_SetPriorityGrouping
                0x08001698       0x16 ./Drivers/STM32F4xx_HAL_Driver/Src/stm32f4xx_hal_cortex.o
                0x08001698                HAL_NVIC_SetPriorityGrouping
 .text.HAL_NVIC_SetPriority
                0x080016ae       0x38 ./Drivers/STM32F4xx_HAL_Driver/Src/stm32f4xx_hal_cortex.o
                0x080016ae                HAL_NVIC_SetPriority
 .text.HAL_NVIC_EnableIRQ
                0x080016e6       0x1c ./Drivers/STM32F4xx_HAL_Driver/Src/stm32f4xx_hal_cortex.o
                0x080016e6                HAL_NVIC_EnableIRQ
 .text.HAL_SYSTICK_Config
                0x08001702       0x18 ./Drivers/STM32F4xx_HAL_Driver/Src/stm32f4xx_hal_cortex.o
                0x08001702                HAL_SYSTICK_Config
 .text.HAL_DMA_Abort
                0x0800171a       0xe0 ./Drivers/STM32F4xx_HAL_Driver/Src/stm32f4xx_hal_dma.o
                0x0800171a                HAL_DMA_Abort
 .text.HAL_DMA_Abort_IT
                0x080017fa       0x44 ./Drivers/STM32F4xx_HAL_Driver/Src/stm32f4xx_hal_dma.o
                0x080017fa                HAL_DMA_Abort_IT
 *fill*         0x0800183e        0x2 
 .text.HAL_GPIO_Init
                0x08001840      0x308 ./Drivers/STM32F4xx_HAL_Driver/Src/stm32f4xx_hal_gpio.o
                0x08001840                HAL_GPIO_Init
 .text.HAL_GPIO_WritePin
                0x08001b48       0x32 ./Drivers/STM32F4xx_HAL_Driver/Src/stm32f4xx_hal_gpio.o
                0x08001b48                HAL_GPIO_WritePin
 *fill*         0x08001b7a        0x2 
 .text.HAL_RCC_OscConfig
                0x08001b7c      0x4f0 ./Drivers/STM32F4xx_HAL_Driver/Src/stm32f4xx_hal_rcc.o
                0x08001b7c                HAL_RCC_OscConfig
 .text.HAL_RCC_ClockConfig
                0x0800206c      0x1cc ./Drivers/STM32F4xx_HAL_Driver/Src/stm32f4xx_hal_rcc.o
                0x0800206c                HAL_RCC_ClockConfig
 .text.HAL_RCC_GetSysClockFreq
                0x08002238      0x20c ./Drivers/STM32F4xx_HAL_Driver/Src/stm32f4xx_hal_rcc.o
                0x08002238                HAL_RCC_GetSysClockFreq
 .text.HAL_RCC_GetHCLKFreq
                0x08002444       0x18 ./Drivers/STM32F4xx_HAL_Driver/Src/stm32f4xx_hal_rcc.o
                0x08002444                HAL_RCC_GetHCLKFreq
 .text.HAL_RCC_GetPCLK1Freq
                0x0800245c       0x28 ./Drivers/STM32F4xx_HAL_Driver/Src/stm32f4xx_hal_rcc.o
                0x0800245c                HAL_RCC_GetPCLK1Freq
 .text.HAL_RCC_GetPCLK2Freq
                0x08002484       0x28 ./Drivers/STM32F4xx_HAL_Driver/Src/stm32f4xx_hal_rcc.o
                0x08002484                HAL_RCC_GetPCLK2Freq
 .text.HAL_UART_Init
                0x080024ac       0x9a ./Drivers/STM32F4xx_HAL_Driver/Src/stm32f4xx_hal_uart.o
                0x080024ac                HAL_UART_Init
 .text.HAL_UART_Transmit
                0x08002546      0x124 ./Drivers/STM32F4xx_HAL_Driver/Src/stm32f4xx_hal_uart.o
                0x08002546                HAL_UART_Transmit
 .text.HAL_UART_Receive_IT
                0x0800266a       0x60 ./Drivers/STM32F4xx_HAL_Driver/Src/stm32f4xx_hal_uart.o
                0x0800266a                HAL_UART_Receive_IT
 *fill*         0x080026ca        0x2 
 .text.HAL_UART_IRQHandler
                0x080026cc      0x51c ./Drivers/STM32F4xx_HAL_Driver/Src/stm32f4xx_hal_uart.o
                0x080026cc                HAL_UART_IRQHandler
 .text.HAL_UART_TxCpltCallback
                0x08002be8       0x14 ./Drivers/STM32F4xx_HAL_Driver/Src/stm32f4xx_hal_uart.o
                0x08002be8                HAL_UART_TxCpltCallback
 .text.HAL_UART_ErrorCallback
                0x08002bfc       0x14 ./Drivers/STM32F4xx_HAL_Driver/Src/stm32f4xx_hal_uart.o
                0x08002bfc                HAL_UART_ErrorCallback
 .text.HAL_UARTEx_RxEventCallback
                0x08002c10       0x18 ./Drivers/STM32F4xx_HAL_Driver/Src/stm32f4xx_hal_uart.o
                0x08002c10                HAL_UARTEx_RxEventCallback
 .text.UART_WaitOnFlagUntilTimeout
                0x08002c28       0xdc ./Drivers/STM32F4xx_HAL_Driver/Src/stm32f4xx_hal_uart.o
 .text.UART_Start_Receive_IT
                0x08002d04       0x7c ./Drivers/STM32F4xx_HAL_Driver/Src/stm32f4xx_hal_uart.o
                0x08002d04                UART_Start_Receive_IT
 .text.UART_EndRxTransfer
                0x08002d80       0xc6 ./Drivers/STM32F4xx_HAL_Driver/Src/stm32f4xx_hal_uart.o
 .text.UART_DMAAbortOnError
                0x08002e46       0x28 ./Drivers/STM32F4xx_HAL_Driver/Src/stm32f4xx_hal_uart.o
 .text.UART_Transmit_IT
                0x08002e6e       0xa0 ./Drivers/STM32F4xx_HAL_Driver/Src/stm32f4xx_hal_uart.o
 .text.UART_EndTransmit_IT
                0x08002f0e       0x30 ./Drivers/STM32F4xx_HAL_Driver/Src/stm32f4xx_hal_uart.o
 .text.UART_Receive_IT
                0x08002f3e      0x176 ./Drivers/STM32F4xx_HAL_Driver/Src/stm32f4xx_hal_uart.o
 .text.UART_SetConfig
                0x080030b4      0x4e8 ./Drivers/STM32F4xx_HAL_Driver/Src/stm32f4xx_hal_uart.o
 .text.memset   0x0800359c       0x10 F:/Nejc/Programi/STM32CubeIDE_1.10.1/STM32CubeIDE/plugins/com.st.stm32cube.ide.mcu.externaltools.gnu-tools-for-stm32.12.3.rel1.win32_1.0.100.202403111256/tools/bin/../lib/gcc/arm-none-eabi/12.3.1/../../../../arm-none-eabi/lib/thumb/v7e-m+fp/hard\libc_nano.a(libc_a-memset.o)
                0x0800359c                memset
 .text.strcat   0x080035ac       0x1e F:/Nejc/Programi/STM32CubeIDE_1.10.1/STM32CubeIDE/plugins/com.st.stm32cube.ide.mcu.externaltools.gnu-tools-for-stm32.12.3.rel1.win32_1.0.100.202403111256/tools/bin/../lib/gcc/arm-none-eabi/12.3.1/../../../../arm-none-eabi/lib/thumb/v7e-m+fp/hard\libc_nano.a(libc_a-strcat.o)
                0x080035ac                strcat
 *fill*         0x080035ca        0x2 
 .text.__libc_init_array
                0x080035cc       0x48 F:/Nejc/Programi/STM32CubeIDE_1.10.1/STM32CubeIDE/plugins/com.st.stm32cube.ide.mcu.externaltools.gnu-tools-for-stm32.12.3.rel1.win32_1.0.100.202403111256/tools/bin/../lib/gcc/arm-none-eabi/12.3.1/../../../../arm-none-eabi/lib/thumb/v7e-m+fp/hard\libc_nano.a(libc_a-init.o)
                0x080035cc                __libc_init_array
 *(.glue_7)
 .glue_7        0x08003614        0x0 linker stubs
 *(.glue_7t)
 .glue_7t       0x08003614        0x0 linker stubs
 *(.eh_frame)
 .eh_frame      0x08003614        0x0 F:/Nejc/Programi/STM32CubeIDE_1.10.1/STM32CubeIDE/plugins/com.st.stm32cube.ide.mcu.externaltools.gnu-tools-for-stm32.12.3.rel1.win32_1.0.100.202403111256/tools/bin/../lib/gcc/arm-none-eabi/12.3.1/thumb/v7e-m+fp/hard/crtbegin.o
 *(.init)
 .init          0x08003614        0x4 F:/Nejc/Programi/STM32CubeIDE_1.10.1/STM32CubeIDE/plugins/com.st.stm32cube.ide.mcu.externaltools.gnu-tools-for-stm32.12.3.rel1.win32_1.0.100.202403111256/tools/bin/../lib/gcc/arm-none-eabi/12.3.1/thumb/v7e-m+fp/hard/crti.o
                0x08003614                _init
 .init          0x08003618        0x8 F:/Nejc/Programi/STM32CubeIDE_1.10.1/STM32CubeIDE/plugins/com.st.stm32cube.ide.mcu.externaltools.gnu-tools-for-stm32.12.3.rel1.win32_1.0.100.202403111256/tools/bin/../lib/gcc/arm-none-eabi/12.3.1/thumb/v7e-m+fp/hard/crtn.o
 *(.fini)
 .fini          0x08003620        0x4 F:/Nejc/Programi/STM32CubeIDE_1.10.1/STM32CubeIDE/plugins/com.st.stm32cube.ide.mcu.externaltools.gnu-tools-for-stm32.12.3.rel1.win32_1.0.100.202403111256/tools/bin/../lib/gcc/arm-none-eabi/12.3.1/thumb/v7e-m+fp/hard/crti.o
                0x08003620                _fini
 .fini          0x08003624        0x8 F:/Nejc/Programi/STM32CubeIDE_1.10.1/STM32CubeIDE/plugins/com.st.stm32cube.ide.mcu.externaltools.gnu-tools-for-stm32.12.3.rel1.win32_1.0.100.202403111256/tools/bin/../lib/gcc/arm-none-eabi/12.3.1/thumb/v7e-m+fp/hard/crtn.o
                0x0800362c                        . = ALIGN (0x4)
                0x0800362c                        _etext = .

.vfp11_veneer   0x0800362c        0x0
 .vfp11_veneer  0x0800362c        0x0 linker stubs

.v4_bx          0x0800362c        0x0
 .v4_bx         0x0800362c        0x0 linker stubs

.iplt           0x0800362c        0x0
 .iplt          0x0800362c        0x0 F:/Nejc/Programi/STM32CubeIDE_1.10.1/STM32CubeIDE/plugins/com.st.stm32cube.ide.mcu.externaltools.gnu-tools-for-stm32.12.3.rel1.win32_1.0.100.202403111256/tools/bin/../lib/gcc/arm-none-eabi/12.3.1/thumb/v7e-m+fp/hard/crtbegin.o

.rodata         0x0800362c      0x158
                0x0800362c                        . = ALIGN (0x4)
 *(.rodata)
 .rodata        0x0800362c      0x131 ./Core/Src/apc1.o
 *(.rodata*)
 *fill*         0x0800375d        0x3 
 .rodata.APC1_Error_Masks
                0x08003760        0xb ./Core/Src/apc1.o
                0x08003760                APC1_Error_Masks
 *fill*         0x0800376b        0x1 
 .rodata.AHBPrescTable
                0x0800376c       0x10 ./Core/Src/system_stm32f4xx.o
                0x0800376c                AHBPrescTable
 .rodata.APBPrescTable
                0x0800377c        0x8 ./Core/Src/system_stm32f4xx.o
                0x0800377c                APBPrescTable
                0x08003784                        . = ALIGN (0x4)

.ARM.extab      0x08003784        0x0
                0x08003784                        . = ALIGN (0x4)
 *(.ARM.extab* .gnu.linkonce.armextab.*)
                0x08003784                        . = ALIGN (0x4)

.ARM            0x08003784        0x8
                0x08003784                        . = ALIGN (0x4)
                0x08003784                        __exidx_start = .
 *(.ARM.exidx*)
 .ARM.exidx     0x08003784        0x8 F:/Nejc/Programi/STM32CubeIDE_1.10.1/STM32CubeIDE/plugins/com.st.stm32cube.ide.mcu.externaltools.gnu-tools-for-stm32.12.3.rel1.win32_1.0.100.202403111256/tools/bin/../lib/gcc/arm-none-eabi/12.3.1/../../../../arm-none-eabi/lib/thumb/v7e-m+fp/hard\libc_nano.a(libc_a-strlen.o)
 .ARM.exidx     0x0800378c        0x0 F:/Nejc/Programi/STM32CubeIDE_1.10.1/STM32CubeIDE/plugins/com.st.stm32cube.ide.mcu.externaltools.gnu-tools-for-stm32.12.3.rel1.win32_1.0.100.202403111256/tools/bin/../lib/gcc/arm-none-eabi/12.3.1/thumb/v7e-m+fp/hard\libgcc.a(_udivmoddi4.o)
                                  0x8 (size before relaxing)
                0x0800378c                        __exidx_end = .
                0x0800378c                        . = ALIGN (0x4)

.rel.dyn        0x0800378c        0x0
 .rel.iplt      0x0800378c        0x0 F:/Nejc/Programi/STM32CubeIDE_1.10.1/STM32CubeIDE/plugins/com.st.stm32cube.ide.mcu.externaltools.gnu-tools-for-stm32.12.3.rel1.win32_1.0.100.202403111256/tools/bin/../lib/gcc/arm-none-eabi/12.3.1/thumb/v7e-m+fp/hard/crtbegin.o

.preinit_array  0x0800378c        0x0
                0x0800378c                        . = ALIGN (0x4)
                0x0800378c                        PROVIDE (__preinit_array_start = .)
 *(.preinit_array*)
                0x0800378c                        PROVIDE (__preinit_array_end = .)
                0x0800378c                        . = ALIGN (0x4)

.init_array     0x0800378c        0x4
                0x0800378c                        . = ALIGN (0x4)
                0x0800378c                        PROVIDE (__init_array_start = .)
 *(SORT_BY_NAME(.init_array.*))
 *(.init_array*)
 .init_array    0x0800378c        0x4 F:/Nejc/Programi/STM32CubeIDE_1.10.1/STM32CubeIDE/plugins/com.st.stm32cube.ide.mcu.externaltools.gnu-tools-for-stm32.12.3.rel1.win32_1.0.100.202403111256/tools/bin/../lib/gcc/arm-none-eabi/12.3.1/thumb/v7e-m+fp/hard/crtbegin.o
                0x08003790                        PROVIDE (__init_array_end = .)
                0x08003790                        . = ALIGN (0x4)

.fini_array     0x08003790        0x4
                0x08003790                        . = ALIGN (0x4)
                [!provide]                        PROVIDE (__fini_array_start = .)
 *(SORT_BY_NAME(.fini_array.*))
 *(.fini_array*)
 .fini_array    0x08003790        0x4 F:/Nejc/Programi/STM32CubeIDE_1.10.1/STM32CubeIDE/plugins/com.st.stm32cube.ide.mcu.externaltools.gnu-tools-for-stm32.12.3.rel1.win32_1.0.100.202403111256/tools/bin/../lib/gcc/arm-none-eabi/12.3.1/thumb/v7e-m+fp/hard/crtbegin.o
                [!provide]                        PROVIDE (__fini_array_end = .)
                0x08003794                        . = ALIGN (0x4)
                0x08003794                        _sidata = LOADADDR (.data)

.data           0x20000000       0x90 load address 0x08003794
                0x20000000                        . = ALIGN (0x4)
                0x20000000                        _sdata = .
 *(.data)
 *(.data*)
 .data.command  0x20000000       0x42 ./Core/Src/apc1.o
                0x20000000                command
 *fill*         0x20000042        0x2 
 .data.APC1_AQI_Strings
                0x20000044       0x14 ./Core/Src/apc1.o
                0x20000044                APC1_AQI_Strings
 .data.APC1_Status_Strings
                0x20000058       0x2c ./Core/Src/apc1.o
                0x20000058                APC1_Status_Strings
 .data.SystemCoreClock
                0x20000084        0x4 ./Core/Src/system_stm32f4xx.o
                0x20000084                SystemCoreClock
 .data.uwTickPrio
                0x20000088        0x4 ./Drivers/STM32F4xx_HAL_Driver/Src/stm32f4xx_hal.o
                0x20000088                uwTickPrio
 .data.uwTickFreq
                0x2000008c        0x1 ./Drivers/STM32F4xx_HAL_Driver/Src/stm32f4xx_hal.o
                0x2000008c                uwTickFreq
 *(.RamFunc)
 *(.RamFunc*)
                0x20000090                        . = ALIGN (0x4)
 *fill*         0x2000008d        0x3 
                0x20000090                        _edata = .

.igot.plt       0x20000090        0x0 load address 0x08003824
 .igot.plt      0x20000090        0x0 F:/Nejc/Programi/STM32CubeIDE_1.10.1/STM32CubeIDE/plugins/com.st.stm32cube.ide.mcu.externaltools.gnu-tools-for-stm32.12.3.rel1.win32_1.0.100.202403111256/tools/bin/../lib/gcc/arm-none-eabi/12.3.1/thumb/v7e-m+fp/hard/crtbegin.o
                0x20000090                        . = ALIGN (0x4)

.bss            0x20000090      0x2e4 load address 0x08003824
                0x20000090                        _sbss = .
                0x20000090                        __bss_start__ = _sbss
 *(.bss)
 .bss           0x20000090       0x1c F:/Nejc/Programi/STM32CubeIDE_1.10.1/STM32CubeIDE/plugins/com.st.stm32cube.ide.mcu.externaltools.gnu-tools-for-stm32.12.3.rel1.win32_1.0.100.202403111256/tools/bin/../lib/gcc/arm-none-eabi/12.3.1/thumb/v7e-m+fp/hard/crtbegin.o
 *(.bss*)
 .bss.buffer    0x200000ac      0x100 ./Core/Src/apc1.o
                0x200000ac                buffer
 .bss.error_buffer
                0x200001ac      0x100 ./Core/Src/apc1.o
                0x200001ac                error_buffer
 .bss.dev_settings
                0x200002ac        0xc ./Core/Src/apc1.o
                0x200002ac                dev_settings
 .bss.processed_data
                0x200002b8       0x26 ./Core/Src/apc1.o
                0x200002b8                processed_data
 .bss.T_pm1_0   0x200002de        0x2 ./Core/Src/main.o
                0x200002de                T_pm1_0
 .bss.T_pm2_5   0x200002e0        0x2 ./Core/Src/main.o
                0x200002e0                T_pm2_5
 .bss.T_pm10    0x200002e2        0x2 ./Core/Src/main.o
                0x200002e2                T_pm10
 .bss.T_pm1_0_air
                0x200002e4        0x2 ./Core/Src/main.o
                0x200002e4                T_pm1_0_air
 .bss.T_pm2_5_air
                0x200002e6        0x2 ./Core/Src/main.o
                0x200002e6                T_pm2_5_air
 .bss.T_pm10_air
                0x200002e8        0x2 ./Core/Src/main.o
                0x200002e8                T_pm10_air
 .bss.T_particles_0_3
                0x200002ea        0x2 ./Core/Src/main.o
                0x200002ea                T_particles_0_3
 .bss.T_particles_0_5
                0x200002ec        0x2 ./Core/Src/main.o
                0x200002ec                T_particles_0_5
 .bss.T_particles_1_0
                0x200002ee        0x2 ./Core/Src/main.o
                0x200002ee                T_particles_1_0
 .bss.T_particles_2_5
                0x200002f0        0x2 ./Core/Src/main.o
                0x200002f0                T_particles_2_5
 .bss.T_particles_5_0
                0x200002f2        0x2 ./Core/Src/main.o
                0x200002f2                T_particles_5_0
 .bss.T_particles_10
                0x200002f4        0x2 ./Core/Src/main.o
                0x200002f4                T_particles_10
 .bss.T_TVOC    0x200002f6        0x2 ./Core/Src/main.o
                0x200002f6                T_TVOC
 .bss.T_eCO2    0x200002f8        0x2 ./Core/Src/main.o
                0x200002f8                T_eCO2
 *fill*         0x200002fa        0x6 
 .bss.T_t_comp  0x20000300        0x8 ./Core/Src/main.o
                0x20000300                T_t_comp
 .bss.T_rh_comp
                0x20000308        0x8 ./Core/Src/main.o
                0x20000308                T_rh_comp
 .bss.T_t_raw   0x20000310        0x8 ./Core/Src/main.o
                0x20000310                T_t_raw
 .bss.T_rh_raw  0x20000318        0x8 ./Core/Src/main.o
                0x20000318                T_rh_raw
 .bss.aqi_string
                0x20000320        0x4 ./Core/Src/main.o
                0x20000320                aqi_string
 .bss.error_string
                0x20000324        0x4 ./Core/Src/main.o
                0x20000324                error_string
 .bss.T_aqi     0x20000328        0x1 ./Core/Src/main.o
                0x20000328                T_aqi
 *fill*         0x20000329        0x3 
 .bss.huart1    0x2000032c       0x44 ./Core/Src/main.o
                0x2000032c                huart1
 .bss.uwTick    0x20000370        0x4 ./Drivers/STM32F4xx_HAL_Driver/Src/stm32f4xx_hal.o
                0x20000370                uwTick
 *(COMMON)
                0x20000374                        . = ALIGN (0x4)
                0x20000374                        _ebss = .
                0x20000374                        __bss_end__ = _ebss

._user_heap_stack
                0x20000374      0x604 load address 0x08003824
                0x20000378                        . = ALIGN (0x8)
 *fill*         0x20000374        0x4 
                [!provide]                        PROVIDE (end = .)
                0x20000378                        PROVIDE (_end = .)
                0x20000578                        . = (. + _Min_Heap_Size)
 *fill*         0x20000378      0x200 
                0x20000978                        . = (. + _Min_Stack_Size)
 *fill*         0x20000578      0x400 
                0x20000978                        . = ALIGN (0x8)

/DISCARD/
 libc.a(*)
 libm.a(*)
 libgcc.a(*)

.ARM.attributes
                0x00000000       0x30
 *(.ARM.attributes)
 .ARM.attributes
                0x00000000       0x22 F:/Nejc/Programi/STM32CubeIDE_1.10.1/STM32CubeIDE/plugins/com.st.stm32cube.ide.mcu.externaltools.gnu-tools-for-stm32.12.3.rel1.win32_1.0.100.202403111256/tools/bin/../lib/gcc/arm-none-eabi/12.3.1/thumb/v7e-m+fp/hard/crti.o
 .ARM.attributes
                0x00000022       0x34 F:/Nejc/Programi/STM32CubeIDE_1.10.1/STM32CubeIDE/plugins/com.st.stm32cube.ide.mcu.externaltools.gnu-tools-for-stm32.12.3.rel1.win32_1.0.100.202403111256/tools/bin/../lib/gcc/arm-none-eabi/12.3.1/thumb/v7e-m+fp/hard/crtbegin.o
 .ARM.attributes
                0x00000056       0x34 ./Core/Src/apc1.o
 .ARM.attributes
                0x0000008a       0x34 ./Core/Src/main.o
 .ARM.attributes
                0x000000be       0x34 ./Core/Src/stm32f4xx_hal_msp.o
 .ARM.attributes
                0x000000f2       0x34 ./Core/Src/stm32f4xx_it.o
 .ARM.attributes
                0x00000126       0x34 ./Core/Src/system_stm32f4xx.o
 .ARM.attributes
                0x0000015a       0x21 ./Core/Startup/startup_stm32f411retx.o
 .ARM.attributes
                0x0000017b       0x34 ./Drivers/STM32F4xx_HAL_Driver/Src/stm32f4xx_hal.o
 .ARM.attributes
                0x000001af       0x34 ./Drivers/STM32F4xx_HAL_Driver/Src/stm32f4xx_hal_cortex.o
 .ARM.attributes
                0x000001e3       0x34 ./Drivers/STM32F4xx_HAL_Driver/Src/stm32f4xx_hal_dma.o
 .ARM.attributes
                0x00000217       0x34 ./Drivers/STM32F4xx_HAL_Driver/Src/stm32f4xx_hal_gpio.o
 .ARM.attributes
                0x0000024b       0x34 ./Drivers/STM32F4xx_HAL_Driver/Src/stm32f4xx_hal_rcc.o
 .ARM.attributes
                0x0000027f       0x34 ./Drivers/STM32F4xx_HAL_Driver/Src/stm32f4xx_hal_uart.o
 .ARM.attributes
                0x000002b3       0x34 F:/Nejc/Programi/STM32CubeIDE_1.10.1/STM32CubeIDE/plugins/com.st.stm32cube.ide.mcu.externaltools.gnu-tools-for-stm32.12.3.rel1.win32_1.0.100.202403111256/tools/bin/../lib/gcc/arm-none-eabi/12.3.1/../../../../arm-none-eabi/lib/thumb/v7e-m+fp/hard\libc_nano.a(libc_a-memset.o)
 .ARM.attributes
                0x000002e7       0x34 F:/Nejc/Programi/STM32CubeIDE_1.10.1/STM32CubeIDE/plugins/com.st.stm32cube.ide.mcu.externaltools.gnu-tools-for-stm32.12.3.rel1.win32_1.0.100.202403111256/tools/bin/../lib/gcc/arm-none-eabi/12.3.1/../../../../arm-none-eabi/lib/thumb/v7e-m+fp/hard\libc_nano.a(libc_a-strcat.o)
 .ARM.attributes
                0x0000031b       0x34 F:/Nejc/Programi/STM32CubeIDE_1.10.1/STM32CubeIDE/plugins/com.st.stm32cube.ide.mcu.externaltools.gnu-tools-for-stm32.12.3.rel1.win32_1.0.100.202403111256/tools/bin/../lib/gcc/arm-none-eabi/12.3.1/../../../../arm-none-eabi/lib/thumb/v7e-m+fp/hard\libc_nano.a(libc_a-init.o)
 .ARM.attributes
                0x0000034f       0x17 F:/Nejc/Programi/STM32CubeIDE_1.10.1/STM32CubeIDE/plugins/com.st.stm32cube.ide.mcu.externaltools.gnu-tools-for-stm32.12.3.rel1.win32_1.0.100.202403111256/tools/bin/../lib/gcc/arm-none-eabi/12.3.1/../../../../arm-none-eabi/lib/thumb/v7e-m+fp/hard\libc_nano.a(libc_a-strlen.o)
 .ARM.attributes
                0x00000366       0x22 F:/Nejc/Programi/STM32CubeIDE_1.10.1/STM32CubeIDE/plugins/com.st.stm32cube.ide.mcu.externaltools.gnu-tools-for-stm32.12.3.rel1.win32_1.0.100.202403111256/tools/bin/../lib/gcc/arm-none-eabi/12.3.1/thumb/v7e-m+fp/hard\libgcc.a(_arm_addsubdf3.o)
 .ARM.attributes
                0x00000388       0x22 F:/Nejc/Programi/STM32CubeIDE_1.10.1/STM32CubeIDE/plugins/com.st.stm32cube.ide.mcu.externaltools.gnu-tools-for-stm32.12.3.rel1.win32_1.0.100.202403111256/tools/bin/../lib/gcc/arm-none-eabi/12.3.1/thumb/v7e-m+fp/hard\libgcc.a(_aeabi_uldivmod.o)
 .ARM.attributes
                0x000003aa       0x34 F:/Nejc/Programi/STM32CubeIDE_1.10.1/STM32CubeIDE/plugins/com.st.stm32cube.ide.mcu.externaltools.gnu-tools-for-stm32.12.3.rel1.win32_1.0.100.202403111256/tools/bin/../lib/gcc/arm-none-eabi/12.3.1/thumb/v7e-m+fp/hard\libgcc.a(_udivmoddi4.o)
 .ARM.attributes
                0x000003de       0x22 F:/Nejc/Programi/STM32CubeIDE_1.10.1/STM32CubeIDE/plugins/com.st.stm32cube.ide.mcu.externaltools.gnu-tools-for-stm32.12.3.rel1.win32_1.0.100.202403111256/tools/bin/../lib/gcc/arm-none-eabi/12.3.1/thumb/v7e-m+fp/hard\libgcc.a(_dvmd_tls.o)
 .ARM.attributes
                0x00000400       0x22 F:/Nejc/Programi/STM32CubeIDE_1.10.1/STM32CubeIDE/plugins/com.st.stm32cube.ide.mcu.externaltools.gnu-tools-for-stm32.12.3.rel1.win32_1.0.100.202403111256/tools/bin/../lib/gcc/arm-none-eabi/12.3.1/thumb/v7e-m+fp/hard/crtn.o
OUTPUT(APC1.elf elf32-littlearm)
LOAD linker stubs
LOAD F:/Nejc/Programi/STM32CubeIDE_1.10.1/STM32CubeIDE/plugins/com.st.stm32cube.ide.mcu.externaltools.gnu-tools-for-stm32.12.3.rel1.win32_1.0.100.202403111256/tools/bin/../lib/gcc/arm-none-eabi/12.3.1/../../../../arm-none-eabi/lib/thumb/v7e-m+fp/hard\libc.a
LOAD F:/Nejc/Programi/STM32CubeIDE_1.10.1/STM32CubeIDE/plugins/com.st.stm32cube.ide.mcu.externaltools.gnu-tools-for-stm32.12.3.rel1.win32_1.0.100.202403111256/tools/bin/../lib/gcc/arm-none-eabi/12.3.1/../../../../arm-none-eabi/lib/thumb/v7e-m+fp/hard\libm.a
LOAD F:/Nejc/Programi/STM32CubeIDE_1.10.1/STM32CubeIDE/plugins/com.st.stm32cube.ide.mcu.externaltools.gnu-tools-for-stm32.12.3.rel1.win32_1.0.100.202403111256/tools/bin/../lib/gcc/arm-none-eabi/12.3.1/thumb/v7e-m+fp/hard\libgcc.a

.debug_info     0x00000000     0x9105
 .debug_info    0x00000000      0xdd7 ./Core/Src/apc1.o
 .debug_info    0x00000dd7      0xea8 ./Core/Src/main.o
 .debug_info    0x00001c7f      0xaec ./Core/Src/stm32f4xx_hal_msp.o
 .debug_info    0x0000276b      0x622 ./Core/Src/stm32f4xx_it.o
 .debug_info    0x00002d8d      0x53e ./Core/Src/system_stm32f4xx.o
 .debug_info    0x000032cb       0x30 ./Core/Startup/startup_stm32f411retx.o
 .debug_info    0x000032fb      0x8c4 ./Drivers/STM32F4xx_HAL_Driver/Src/stm32f4xx_hal.o
 .debug_info    0x00003bbf      0xcb6 ./Drivers/STM32F4xx_HAL_Driver/Src/stm32f4xx_hal_cortex.o
 .debug_info    0x00004875      0x8e6 ./Drivers/STM32F4xx_HAL_Driver/Src/stm32f4xx_hal_dma.o
 .debug_info    0x0000515b      0x6f9 ./Drivers/STM32F4xx_HAL_Driver/Src/stm32f4xx_hal_gpio.o
 .debug_info    0x00005854      0x8f2 ./Drivers/STM32F4xx_HAL_Driver/Src/stm32f4xx_hal_rcc.o
 .debug_info    0x00006146     0x2fbf ./Drivers/STM32F4xx_HAL_Driver/Src/stm32f4xx_hal_uart.o

.debug_abbrev   0x00000000     0x191a
 .debug_abbrev  0x00000000      0x2e7 ./Core/Src/apc1.o
 .debug_abbrev  0x000002e7      0x272 ./Core/Src/main.o
 .debug_abbrev  0x00000559      0x1cb ./Core/Src/stm32f4xx_hal_msp.o
 .debug_abbrev  0x00000724      0x182 ./Core/Src/stm32f4xx_it.o
 .debug_abbrev  0x000008a6      0x11a ./Core/Src/system_stm32f4xx.o
 .debug_abbrev  0x000009c0       0x24 ./Core/Startup/startup_stm32f411retx.o
 .debug_abbrev  0x000009e4      0x24b ./Drivers/STM32F4xx_HAL_Driver/Src/stm32f4xx_hal.o
 .debug_abbrev  0x00000c2f      0x327 ./Drivers/STM32F4xx_HAL_Driver/Src/stm32f4xx_hal_cortex.o
 .debug_abbrev  0x00000f56      0x221 ./Drivers/STM32F4xx_HAL_Driver/Src/stm32f4xx_hal_dma.o
 .debug_abbrev  0x00001177      0x1d3 ./Drivers/STM32F4xx_HAL_Driver/Src/stm32f4xx_hal_gpio.o
 .debug_abbrev  0x0000134a      0x2b5 ./Drivers/STM32F4xx_HAL_Driver/Src/stm32f4xx_hal_rcc.o
 .debug_abbrev  0x000015ff      0x31b ./Drivers/STM32F4xx_HAL_Driver/Src/stm32f4xx_hal_uart.o

.debug_aranges  0x00000000      0x7c8
 .debug_aranges
                0x00000000      0x128 ./Core/Src/apc1.o
 .debug_aranges
                0x00000128       0x40 ./Core/Src/main.o
 .debug_aranges
                0x00000168       0x30 ./Core/Src/stm32f4xx_hal_msp.o
 .debug_aranges
                0x00000198       0x68 ./Core/Src/stm32f4xx_it.o
 .debug_aranges
                0x00000200       0x28 ./Core/Src/system_stm32f4xx.o
 .debug_aranges
                0x00000228       0x28 ./Core/Startup/startup_stm32f411retx.o
 .debug_aranges
                0x00000250       0xf0 ./Drivers/STM32F4xx_HAL_Driver/Src/stm32f4xx_hal.o
 .debug_aranges
                0x00000340      0x118 ./Drivers/STM32F4xx_HAL_Driver/Src/stm32f4xx_hal_cortex.o
 .debug_aranges
                0x00000458       0x90 ./Drivers/STM32F4xx_HAL_Driver/Src/stm32f4xx_hal_dma.o
 .debug_aranges
                0x000004e8       0x58 ./Drivers/STM32F4xx_HAL_Driver/Src/stm32f4xx_hal_gpio.o
 .debug_aranges
                0x00000540       0x88 ./Drivers/STM32F4xx_HAL_Driver/Src/stm32f4xx_hal_rcc.o
 .debug_aranges
                0x000005c8      0x200 ./Drivers/STM32F4xx_HAL_Driver/Src/stm32f4xx_hal_uart.o

.debug_rnglists
                0x00000000      0x5f2
 .debug_rnglists
                0x00000000       0xdf ./Core/Src/apc1.o
 .debug_rnglists
                0x000000df       0x2e ./Core/Src/main.o
 .debug_rnglists
                0x0000010d       0x20 ./Core/Src/stm32f4xx_hal_msp.o
 .debug_rnglists
                0x0000012d       0x49 ./Core/Src/stm32f4xx_it.o
 .debug_rnglists
                0x00000176       0x1a ./Core/Src/system_stm32f4xx.o
 .debug_rnglists
                0x00000190       0x19 ./Core/Startup/startup_stm32f411retx.o
 .debug_rnglists
                0x000001a9       0xaf ./Drivers/STM32F4xx_HAL_Driver/Src/stm32f4xx_hal.o
 .debug_rnglists
                0x00000258       0xce ./Drivers/STM32F4xx_HAL_Driver/Src/stm32f4xx_hal_cortex.o
 .debug_rnglists
                0x00000326       0x70 ./Drivers/STM32F4xx_HAL_Driver/Src/stm32f4xx_hal_dma.o
 .debug_rnglists
                0x00000396       0x3f ./Drivers/STM32F4xx_HAL_Driver/Src/stm32f4xx_hal_gpio.o
 .debug_rnglists
                0x000003d5       0x66 ./Drivers/STM32F4xx_HAL_Driver/Src/stm32f4xx_hal_rcc.o
 .debug_rnglists
                0x0000043b      0x1b7 ./Drivers/STM32F4xx_HAL_Driver/Src/stm32f4xx_hal_uart.o

.debug_macro    0x00000000    0x15607
 .debug_macro   0x00000000      0x2a6 ./Core/Src/apc1.o
 .debug_macro   0x000002a6      0xab4 ./Core/Src/apc1.o
 .debug_macro   0x00000d5a      0x295 ./Core/Src/apc1.o
 .debug_macro   0x00000fef       0x2e ./Core/Src/apc1.o
 .debug_macro   0x0000101d       0x28 ./Core/Src/apc1.o
 .debug_macro   0x00001045       0x22 ./Core/Src/apc1.o
 .debug_macro   0x00001067       0x8e ./Core/Src/apc1.o
 .debug_macro   0x000010f5       0x51 ./Core/Src/apc1.o
 .debug_macro   0x00001146      0x103 ./Core/Src/apc1.o
 .debug_macro   0x00001249       0x6a ./Core/Src/apc1.o
 .debug_macro   0x000012b3      0x1df ./Core/Src/apc1.o
 .debug_macro   0x00001492       0x1c ./Core/Src/apc1.o
 .debug_macro   0x000014ae       0x22 ./Core/Src/apc1.o
 .debug_macro   0x000014d0       0xd9 ./Core/Src/apc1.o
 .debug_macro   0x000015a9     0x102d ./Core/Src/apc1.o
 .debug_macro   0x000025d6      0x11f ./Core/Src/apc1.o
 .debug_macro   0x000026f5     0xb953 ./Core/Src/apc1.o
 .debug_macro   0x0000e048       0x6d ./Core/Src/apc1.o
 .debug_macro   0x0000e0b5     0x367e ./Core/Src/apc1.o
 .debug_macro   0x00011733      0x189 ./Core/Src/apc1.o
 .debug_macro   0x000118bc       0x5c ./Core/Src/apc1.o
 .debug_macro   0x00011918      0x447 ./Core/Src/apc1.o
 .debug_macro   0x00011d5f      0x9fe ./Core/Src/apc1.o
 .debug_macro   0x0001275d      0x115 ./Core/Src/apc1.o
 .debug_macro   0x00012872      0x11b ./Core/Src/apc1.o
 .debug_macro   0x0001298d       0xa5 ./Core/Src/apc1.o
 .debug_macro   0x00012a32      0x15f ./Core/Src/apc1.o
 .debug_macro   0x00012b91      0x287 ./Core/Src/apc1.o
 .debug_macro   0x00012e18       0x5f ./Core/Src/apc1.o
 .debug_macro   0x00012e77      0x236 ./Core/Src/apc1.o
 .debug_macro   0x000130ad      0x132 ./Core/Src/apc1.o
 .debug_macro   0x000131df      0x264 ./Core/Src/apc1.o
 .debug_macro   0x00013443       0x2e ./Core/Src/apc1.o
 .debug_macro   0x00013471      0x11a ./Core/Src/apc1.o
 .debug_macro   0x0001358b       0x85 ./Core/Src/apc1.o
 .debug_macro   0x00013610       0x89 ./Core/Src/apc1.o
 .debug_macro   0x00013699      0x295 ./Core/Src/apc1.o
 .debug_macro   0x0001392e      0x126 ./Core/Src/apc1.o
 .debug_macro   0x00013a54       0x40 ./Core/Src/apc1.o
 .debug_macro   0x00013a94       0x61 ./Core/Src/apc1.o
 .debug_macro   0x00013af5       0x2a ./Core/Src/apc1.o
 .debug_macro   0x00013b1f       0x43 ./Core/Src/apc1.o
 .debug_macro   0x00013b62       0x34 ./Core/Src/apc1.o
 .debug_macro   0x00013b96       0x16 ./Core/Src/apc1.o
 .debug_macro   0x00013bac       0x43 ./Core/Src/apc1.o
 .debug_macro   0x00013bef       0x34 ./Core/Src/apc1.o
 .debug_macro   0x00013c23       0x10 ./Core/Src/apc1.o
 .debug_macro   0x00013c33       0x58 ./Core/Src/apc1.o
 .debug_macro   0x00013c8b       0x8e ./Core/Src/apc1.o
 .debug_macro   0x00013d19       0x1c ./Core/Src/apc1.o
 .debug_macro   0x00013d35      0x177 ./Core/Src/apc1.o
 .debug_macro   0x00013eac      0x369 ./Core/Src/apc1.o
 .debug_macro   0x00014215       0x10 ./Core/Src/apc1.o
 .debug_macro   0x00014225       0x35 ./Core/Src/apc1.o
 .debug_macro   0x0001425a       0x20 ./Core/Src/apc1.o
 .debug_macro   0x0001427a       0xa0 ./Core/Src/apc1.o
 .debug_macro   0x0001431a      0x2aa ./Core/Src/main.o
 .debug_macro   0x000145c4      0x1c9 ./Core/Src/stm32f4xx_hal_msp.o
 .debug_macro   0x0001478d      0x1d3 ./Core/Src/stm32f4xx_it.o
 .debug_macro   0x00014960      0x1ba ./Core/Src/system_stm32f4xx.o
 .debug_macro   0x00014b1a      0x21a ./Drivers/STM32F4xx_HAL_Driver/Src/stm32f4xx_hal.o
 .debug_macro   0x00014d34      0x1ba ./Drivers/STM32F4xx_HAL_Driver/Src/stm32f4xx_hal_cortex.o
 .debug_macro   0x00014eee      0x1c0 ./Drivers/STM32F4xx_HAL_Driver/Src/stm32f4xx_hal_dma.o
 .debug_macro   0x000150ae      0x1c0 ./Drivers/STM32F4xx_HAL_Driver/Src/stm32f4xx_hal_gpio.o
 .debug_macro   0x0001526e      0x1de ./Drivers/STM32F4xx_HAL_Driver/Src/stm32f4xx_hal_rcc.o
 .debug_macro   0x0001544c      0x1bb ./Drivers/STM32F4xx_HAL_Driver/Src/stm32f4xx_hal_uart.o

.debug_line     0x00000000     0x9b2a
 .debug_line    0x00000000      0xef8 ./Core/Src/apc1.o
 .debug_line    0x00000ef8      0xafb ./Core/Src/main.o
 .debug_line    0x000019f3      0x76a ./Core/Src/stm32f4xx_hal_msp.o
 .debug_line    0x0000215d      0x7f4 ./Core/Src/stm32f4xx_it.o
 .debug_line    0x00002951      0x79e ./Core/Src/system_stm32f4xx.o
 .debug_line    0x000030ef       0x7a ./Core/Startup/startup_stm32f411retx.o
 .debug_line    0x00003169      0xa07 ./Drivers/STM32F4xx_HAL_Driver/Src/stm32f4xx_hal.o
 .debug_line    0x00003b70      0xcb4 ./Drivers/STM32F4xx_HAL_Driver/Src/stm32f4xx_hal_cortex.o
 .debug_line    0x00004824      0xf77 ./Drivers/STM32F4xx_HAL_Driver/Src/stm32f4xx_hal_dma.o
 .debug_line    0x0000579b      0xb57 ./Drivers/STM32F4xx_HAL_Driver/Src/stm32f4xx_hal_gpio.o
 .debug_line    0x000062f2      0xd7a ./Drivers/STM32F4xx_HAL_Driver/Src/stm32f4xx_hal_rcc.o
 .debug_line    0x0000706c     0x2abe ./Drivers/STM32F4xx_HAL_Driver/Src/stm32f4xx_hal_uart.o

.debug_str      0x00000000    0x8563d
 .debug_str     0x00000000    0x8361f ./Core/Src/apc1.o
                              0x839ae (size before relaxing)
 .debug_str     0x0008361f      0x476 ./Core/Src/main.o
                              0x839fc (size before relaxing)
 .debug_str     0x00083a95      0x44f ./Core/Src/stm32f4xx_hal_msp.o
                              0x80485 (size before relaxing)
 .debug_str     0x00083ee4       0xef ./Core/Src/stm32f4xx_it.o
                              0x7ff91 (size before relaxing)
 .debug_str     0x00083fd3       0xdb ./Core/Src/system_stm32f4xx.o
                              0x7fb81 (size before relaxing)
 .debug_str     0x000840ae       0x44 ./Core/Startup/startup_stm32f411retx.o
                                 0x6b (size before relaxing)
 .debug_str     0x000840f2      0x5f0 ./Drivers/STM32F4xx_HAL_Driver/Src/stm32f4xx_hal.o
                              0x805ad (size before relaxing)
 .debug_str     0x000846e2      0x328 ./Drivers/STM32F4xx_HAL_Driver/Src/stm32f4xx_hal_cortex.o
                              0x802ce (size before relaxing)
 .debug_str     0x00084a0a      0x328 ./Drivers/STM32F4xx_HAL_Driver/Src/stm32f4xx_hal_dma.o
                              0x7ff89 (size before relaxing)
 .debug_str     0x00084d32      0x121 ./Drivers/STM32F4xx_HAL_Driver/Src/stm32f4xx_hal_gpio.o
                              0x7fcfc (size before relaxing)
 .debug_str     0x00084e53      0x233 ./Drivers/STM32F4xx_HAL_Driver/Src/stm32f4xx_hal_rcc.o
                              0x7ffb5 (size before relaxing)
 .debug_str     0x00085086      0x5b7 ./Drivers/STM32F4xx_HAL_Driver/Src/stm32f4xx_hal_uart.o
                              0x80542 (size before relaxing)

.comment        0x00000000       0x43
 .comment       0x00000000       0x43 ./Core/Src/apc1.o
                                 0x44 (size before relaxing)
 .comment       0x00000043       0x44 ./Core/Src/main.o
 .comment       0x00000043       0x44 ./Core/Src/stm32f4xx_hal_msp.o
 .comment       0x00000043       0x44 ./Core/Src/stm32f4xx_it.o
 .comment       0x00000043       0x44 ./Core/Src/system_stm32f4xx.o
 .comment       0x00000043       0x44 ./Drivers/STM32F4xx_HAL_Driver/Src/stm32f4xx_hal.o
 .comment       0x00000043       0x44 ./Drivers/STM32F4xx_HAL_Driver/Src/stm32f4xx_hal_cortex.o
 .comment       0x00000043       0x44 ./Drivers/STM32F4xx_HAL_Driver/Src/stm32f4xx_hal_dma.o
 .comment       0x00000043       0x44 ./Drivers/STM32F4xx_HAL_Driver/Src/stm32f4xx_hal_gpio.o
 .comment       0x00000043       0x44 ./Drivers/STM32F4xx_HAL_Driver/Src/stm32f4xx_hal_rcc.o
 .comment       0x00000043       0x44 ./Drivers/STM32F4xx_HAL_Driver/Src/stm32f4xx_hal_uart.o

.debug_frame    0x00000000     0x1f78
 .debug_frame   0x00000000      0x490 ./Core/Src/apc1.o
 .debug_frame   0x00000490       0xac ./Core/Src/main.o
 .debug_frame   0x0000053c       0x7c ./Core/Src/stm32f4xx_hal_msp.o
 .debug_frame   0x000005b8      0x120 ./Core/Src/stm32f4xx_it.o
 .debug_frame   0x000006d8       0x58 ./Core/Src/system_stm32f4xx.o
 .debug_frame   0x00000730      0x374 ./Drivers/STM32F4xx_HAL_Driver/Src/stm32f4xx_hal.o
 .debug_frame   0x00000aa4      0x498 ./Drivers/STM32F4xx_HAL_Driver/Src/stm32f4xx_hal_cortex.o
 .debug_frame   0x00000f3c      0x250 ./Drivers/STM32F4xx_HAL_Driver/Src/stm32f4xx_hal_dma.o
 .debug_frame   0x0000118c      0x14c ./Drivers/STM32F4xx_HAL_Driver/Src/stm32f4xx_hal_gpio.o
 .debug_frame   0x000012d8      0x1f4 ./Drivers/STM32F4xx_HAL_Driver/Src/stm32f4xx_hal_rcc.o
 .debug_frame   0x000014cc      0x92c ./Drivers/STM32F4xx_HAL_Driver/Src/stm32f4xx_hal_uart.o
 .debug_frame   0x00001df8       0x20 F:/Nejc/Programi/STM32CubeIDE_1.10.1/STM32CubeIDE/plugins/com.st.stm32cube.ide.mcu.externaltools.gnu-tools-for-stm32.12.3.rel1.win32_1.0.100.202403111256/tools/bin/../lib/gcc/arm-none-eabi/12.3.1/../../../../arm-none-eabi/lib/thumb/v7e-m+fp/hard\libc_nano.a(libc_a-memset.o)
 .debug_frame   0x00001e18       0x28 F:/Nejc/Programi/STM32CubeIDE_1.10.1/STM32CubeIDE/plugins/com.st.stm32cube.ide.mcu.externaltools.gnu-tools-for-stm32.12.3.rel1.win32_1.0.100.202403111256/tools/bin/../lib/gcc/arm-none-eabi/12.3.1/../../../../arm-none-eabi/lib/thumb/v7e-m+fp/hard\libc_nano.a(libc_a-strcat.o)
 .debug_frame   0x00001e40       0x2c F:/Nejc/Programi/STM32CubeIDE_1.10.1/STM32CubeIDE/plugins/com.st.stm32cube.ide.mcu.externaltools.gnu-tools-for-stm32.12.3.rel1.win32_1.0.100.202403111256/tools/bin/../lib/gcc/arm-none-eabi/12.3.1/../../../../arm-none-eabi/lib/thumb/v7e-m+fp/hard\libc_nano.a(libc_a-init.o)
 .debug_frame   0x00001e6c       0xac F:/Nejc/Programi/STM32CubeIDE_1.10.1/STM32CubeIDE/plugins/com.st.stm32cube.ide.mcu.externaltools.gnu-tools-for-stm32.12.3.rel1.win32_1.0.100.202403111256/tools/bin/../lib/gcc/arm-none-eabi/12.3.1/thumb/v7e-m+fp/hard\libgcc.a(_arm_addsubdf3.o)
 .debug_frame   0x00001f18       0x2c F:/Nejc/Programi/STM32CubeIDE_1.10.1/STM32CubeIDE/plugins/com.st.stm32cube.ide.mcu.externaltools.gnu-tools-for-stm32.12.3.rel1.win32_1.0.100.202403111256/tools/bin/../lib/gcc/arm-none-eabi/12.3.1/thumb/v7e-m+fp/hard\libgcc.a(_aeabi_uldivmod.o)
 .debug_frame   0x00001f44       0x34 F:/Nejc/Programi/STM32CubeIDE_1.10.1/STM32CubeIDE/plugins/com.st.stm32cube.ide.mcu.externaltools.gnu-tools-for-stm32.12.3.rel1.win32_1.0.100.202403111256/tools/bin/../lib/gcc/arm-none-eabi/12.3.1/thumb/v7e-m+fp/hard\libgcc.a(_udivmoddi4.o)

.debug_line_str
                0x00000000       0x4f
 .debug_line_str
                0x00000000       0x4f ./Core/Startup/startup_stm32f411retx.o
