../Core/Src/apc1.c:70:19:APC1_Send_Command	16	static
../Core/Src/apc1.c:76:19:APC1_Receive_Response	24	static
../Core/Src/apc1.c:84:18:APC1_Read_Module_Type	8	static
../Core/Src/apc1.c:98:18:APC1_Read_Mea_Data	16	static
../Core/Src/apc1.c:131:18:APC1_Check_Checksum	32	static
../Core/Src/apc1.c:142:18:APC1_Check_For_Error	4	static
../Core/Src/apc1.c:159:10:APC1_Get_PM1_0	4	static
../Core/Src/apc1.c:165:10:APC1_Get_PM2_5	4	static
../Core/Src/apc1.c:171:10:APC1_Get_PM10	4	static
../Core/Src/apc1.c:177:10:APC1_Get_PM1_0_air	4	static
../Core/Src/apc1.c:183:10:APC1_Get_PM2_5_air	4	static
../Core/Src/apc1.c:189:10:APC1_Get_PM10_air	4	static
../Core/Src/apc1.c:195:10:APC1_Get_Particles_GT_0_3	4	static
../Core/Src/apc1.c:201:10:APC1_Get_Particles_GT_0_5	4	static
../Core/Src/apc1.c:207:10:APC1_Get_Particles_GT_1_0	4	static
../Core/Src/apc1.c:213:10:APC1_Get_Particles_GT_2_5	4	static
../Core/Src/apc1.c:219:10:APC1_Get_Particles_GT_5_0	4	static
../Core/Src/apc1.c:225:10:APC1_Get_Particles_GT_10	4	static
../Core/Src/apc1.c:231:10:APC1_Get_TVOC	4	static
../Core/Src/apc1.c:237:10:APC1_Get_eCO2	4	static
../Core/Src/apc1.c:243:8:APC1_Get_T_Comp	8	static
../Core/Src/apc1.c:249:8:APC1_Get_RH_Comp	8	static
../Core/Src/apc1.c:255:8:APC1_Get_T_Raw	8	static
../Core/Src/apc1.c:261:8:APC1_Get_RH_Raw	8	static
../Core/Src/apc1.c:267:9:APC1_Get_AQI	4	static
../Core/Src/apc1.c:273:6:HAL_UART_RxCpltCallback	16	static
