../Core/Src/apc1.c:70:19:APC1_Send_Command	16	static
../Core/Src/apc1.c:76:19:APC1_Receive_Response	24	static
../Core/Src/apc1.c:84:18:APC1_Read_Module_Type	8	static
../Core/Src/apc1.c:98:18:APC1_Read_Mea_Data	16	static
../Core/Src/apc1.c:132:18:APC1_Check_Checksum	32	static
../Core/Src/apc1.c:143:18:APC1_Check_For_Error	4	static
../Core/Src/apc1.c:160:10:APC1_Get_PM1_0	4	static
../Core/Src/apc1.c:166:10:APC1_Get_PM2_5	4	static
../Core/Src/apc1.c:172:10:APC1_Get_PM10	4	static
../Core/Src/apc1.c:178:10:APC1_Get_PM1_0_air	4	static
../Core/Src/apc1.c:184:10:APC1_Get_PM2_5_air	4	static
../Core/Src/apc1.c:190:10:APC1_Get_PM10_air	4	static
../Core/Src/apc1.c:196:10:APC1_Get_Particles_GT_0_3	4	static
../Core/Src/apc1.c:202:10:APC1_Get_Particles_GT_0_5	4	static
../Core/Src/apc1.c:208:10:APC1_Get_Particles_GT_1_0	4	static
../Core/Src/apc1.c:214:10:APC1_Get_Particles_GT_2_5	4	static
../Core/Src/apc1.c:220:10:APC1_Get_Particles_GT_5_0	4	static
../Core/Src/apc1.c:226:10:APC1_Get_Particles_GT_10	4	static
../Core/Src/apc1.c:232:10:APC1_Get_TVOC	4	static
../Core/Src/apc1.c:238:10:APC1_Get_eCO2	4	static
../Core/Src/apc1.c:244:8:APC1_Get_T_Comp	8	static
../Core/Src/apc1.c:250:8:APC1_Get_RH_Comp	8	static
../Core/Src/apc1.c:256:8:APC1_Get_T_Raw	8	static
../Core/Src/apc1.c:262:8:APC1_Get_RH_Raw	8	static
../Core/Src/apc1.c:268:9:APC1_Get_AQI	4	static
../Core/Src/apc1.c:274:6:HAL_UART_RxCpltCallback	16	static
