../Core/Src/apc1.c:89:19:APC1_Send_Command	16	static
../Core/Src/apc1.c:95:19:APC1_Receive_Response	24	static
../Core/Src/apc1.c:103:18:APC1_Read_Module_Type	8	static
../Core/Src/apc1.c:117:18:APC1_Read_Mea_Data	24	static
../Core/Src/apc1.c:156:18:APC1_Check_Checksum	32	static
../Core/Src/apc1.c:167:18:APC1_Check_For_Error	4	static
../Core/Src/apc1.c:207:10:APC1_Get_PM1_0	4	static
../Core/Src/apc1.c:213:10:APC1_Get_PM2_5	4	static
../Core/Src/apc1.c:219:10:APC1_Get_PM10	4	static
../Core/Src/apc1.c:225:10:APC1_Get_PM1_0_air	4	static
../Core/Src/apc1.c:231:10:APC1_Get_PM2_5_air	4	static
../Core/Src/apc1.c:237:10:APC1_Get_PM10_air	4	static
../Core/Src/apc1.c:243:10:APC1_Get_Particles_GT_0_3	4	static
../Core/Src/apc1.c:249:10:APC1_Get_Particles_GT_0_5	4	static
../Core/Src/apc1.c:255:10:APC1_Get_Particles_GT_1_0	4	static
../Core/Src/apc1.c:261:10:APC1_Get_Particles_GT_2_5	4	static
../Core/Src/apc1.c:267:10:APC1_Get_Particles_GT_5_0	4	static
../Core/Src/apc1.c:273:10:APC1_Get_Particles_GT_10	4	static
../Core/Src/apc1.c:279:10:APC1_Get_TVOC	4	static
../Core/Src/apc1.c:285:10:APC1_Get_eCO2	4	static
../Core/Src/apc1.c:291:8:APC1_Get_T_Comp	8	static
../Core/Src/apc1.c:297:8:APC1_Get_RH_Comp	8	static
../Core/Src/apc1.c:303:8:APC1_Get_T_Raw	8	static
../Core/Src/apc1.c:309:8:APC1_Get_RH_Raw	8	static
../Core/Src/apc1.c:315:9:APC1_Get_AQI	4	static
../Core/Src/apc1.c:321:13:APC1_Get_AQI_String	16	static
../Core/Src/apc1.c:329:13:APC1_Get_Error_String	4	static
../Core/Src/apc1.c:335:6:HAL_UART_RxCpltCallback	16	static
