../Core/Src/apc1.c:91:19:APC1_Send_Receive_Command	32	static
../Core/Src/apc1.c:109:18:APC1_Read_Module_Type	24	static
../Core/Src/apc1.c:129:18:APC1_Read_Mea_Data	24	static
../Core/Src/apc1.c:141:18:APC1_Process_Mea_Data	24	static
../Core/Src/apc1.c:170:18:APC1_Check_Checksum	32	static
../Core/Src/apc1.c:181:18:APC1_Check_For_Error	4	static
../Core/Src/apc1.c:221:18:APC1_Set_Idle_Mode	16	static
../Core/Src/apc1.c:233:18:APC1_Set_Active_Comm_Mode	24	static
../Core/Src/apc1.c:247:18:APC1_Set_Mea_Mode	24	static
../Core/Src/apc1.c:264:18:APC1_Set_Passive_Comm_Mode	16	static
../Core/Src/apc1.c:277:18:APC1_Check_Command_Answer	24	static
../Core/Src/apc1.c:289:10:APC1_Get_PM1_0	4	static
../Core/Src/apc1.c:295:10:APC1_Get_PM2_5	4	static
../Core/Src/apc1.c:301:10:APC1_Get_PM10	4	static
../Core/Src/apc1.c:307:10:APC1_Get_PM1_0_air	4	static
../Core/Src/apc1.c:313:10:APC1_Get_PM2_5_air	4	static
../Core/Src/apc1.c:319:10:APC1_Get_PM10_air	4	static
../Core/Src/apc1.c:325:10:APC1_Get_Particles_GT_0_3	4	static
../Core/Src/apc1.c:331:10:APC1_Get_Particles_GT_0_5	4	static
../Core/Src/apc1.c:337:10:APC1_Get_Particles_GT_1_0	4	static
../Core/Src/apc1.c:343:10:APC1_Get_Particles_GT_2_5	4	static
../Core/Src/apc1.c:349:10:APC1_Get_Particles_GT_5_0	4	static
../Core/Src/apc1.c:355:10:APC1_Get_Particles_GT_10	4	static
../Core/Src/apc1.c:361:10:APC1_Get_TVOC	4	static
../Core/Src/apc1.c:367:10:APC1_Get_eCO2	4	static
../Core/Src/apc1.c:373:8:APC1_Get_T_Comp	8	static
../Core/Src/apc1.c:379:8:APC1_Get_RH_Comp	8	static
../Core/Src/apc1.c:385:8:APC1_Get_T_Raw	8	static
../Core/Src/apc1.c:391:8:APC1_Get_RH_Raw	8	static
../Core/Src/apc1.c:397:9:APC1_Get_AQI	4	static
../Core/Src/apc1.c:403:13:APC1_Get_AQI_String	16	static
../Core/Src/apc1.c:411:13:APC1_Get_Error_String	4	static
../Core/Src/apc1.c:417:6:HAL_UART_RxCpltCallback	16	static
