../Core/Src/apc1.c:77:19:APC1_Send_Command	16	static
../Core/Src/apc1.c:83:19:APC1_Receive_Response	24	static
../Core/Src/apc1.c:91:18:APC1_Read_Module_Type	8	static
../Core/Src/apc1.c:105:18:APC1_Read_Mea_Data	16	static
../Core/Src/apc1.c:139:18:APC1_Check_Checksum	32	static
../Core/Src/apc1.c:150:18:APC1_Check_For_Error	4	static
../Core/Src/apc1.c:167:10:APC1_Get_PM1_0	4	static
../Core/Src/apc1.c:173:10:APC1_Get_PM2_5	4	static
../Core/Src/apc1.c:179:10:APC1_Get_PM10	4	static
../Core/Src/apc1.c:185:10:APC1_Get_PM1_0_air	4	static
../Core/Src/apc1.c:191:10:APC1_Get_PM2_5_air	4	static
../Core/Src/apc1.c:197:10:APC1_Get_PM10_air	4	static
../Core/Src/apc1.c:203:10:APC1_Get_Particles_GT_0_3	4	static
../Core/Src/apc1.c:209:10:APC1_Get_Particles_GT_0_5	4	static
../Core/Src/apc1.c:215:10:APC1_Get_Particles_GT_1_0	4	static
../Core/Src/apc1.c:221:10:APC1_Get_Particles_GT_2_5	4	static
../Core/Src/apc1.c:227:10:APC1_Get_Particles_GT_5_0	4	static
../Core/Src/apc1.c:233:10:APC1_Get_Particles_GT_10	4	static
../Core/Src/apc1.c:239:10:APC1_Get_TVOC	4	static
../Core/Src/apc1.c:245:10:APC1_Get_eCO2	4	static
../Core/Src/apc1.c:251:8:APC1_Get_T_Comp	8	static
../Core/Src/apc1.c:257:8:APC1_Get_RH_Comp	8	static
../Core/Src/apc1.c:263:8:APC1_Get_T_Raw	8	static
../Core/Src/apc1.c:269:8:APC1_Get_RH_Raw	8	static
../Core/Src/apc1.c:275:9:APC1_Get_AQI	4	static
../Core/Src/apc1.c:281:13:APC1_Get_AQI_String	16	static
../Core/Src/apc1.c:289:6:HAL_UART_RxCpltCallback	16	static
