../Core/Src/apc1.c:90:19:APC1_Send_Command	16	static
../Core/Src/apc1.c:96:19:APC1_Receive_Response	24	static
../Core/Src/apc1.c:104:18:APC1_Read_Module_Type	8	static
../Core/Src/apc1.c:118:18:APC1_Read_Mea_Data	24	static
../Core/Src/apc1.c:157:18:APC1_Check_Checksum	32	static
../Core/Src/apc1.c:168:18:APC1_Check_For_Error	4	static
../Core/Src/apc1.c:208:18:APC1_Set_Idle_Mode	8	static
../Core/Src/apc1.c:225:18:APC1_Set_Active_Comm_Mode	4	static
../Core/Src/apc1.c:231:18:APC1_Set_Mea_Mode	8	static
../Core/Src/apc1.c:249:18:APC1_Set_Passive_Comm_Mode	8	static
../Core/Src/apc1.c:266:18:APC1_Check_Command_Answer	24	static
../Core/Src/apc1.c:278:10:APC1_Get_PM1_0	4	static
../Core/Src/apc1.c:284:10:APC1_Get_PM2_5	4	static
../Core/Src/apc1.c:290:10:APC1_Get_PM10	4	static
../Core/Src/apc1.c:296:10:APC1_Get_PM1_0_air	4	static
../Core/Src/apc1.c:302:10:APC1_Get_PM2_5_air	4	static
../Core/Src/apc1.c:308:10:APC1_Get_PM10_air	4	static
../Core/Src/apc1.c:314:10:APC1_Get_Particles_GT_0_3	4	static
../Core/Src/apc1.c:320:10:APC1_Get_Particles_GT_0_5	4	static
../Core/Src/apc1.c:326:10:APC1_Get_Particles_GT_1_0	4	static
../Core/Src/apc1.c:332:10:APC1_Get_Particles_GT_2_5	4	static
../Core/Src/apc1.c:338:10:APC1_Get_Particles_GT_5_0	4	static
../Core/Src/apc1.c:344:10:APC1_Get_Particles_GT_10	4	static
../Core/Src/apc1.c:350:10:APC1_Get_TVOC	4	static
../Core/Src/apc1.c:356:10:APC1_Get_eCO2	4	static
../Core/Src/apc1.c:362:8:APC1_Get_T_Comp	8	static
../Core/Src/apc1.c:368:8:APC1_Get_RH_Comp	8	static
../Core/Src/apc1.c:374:8:APC1_Get_T_Raw	8	static
../Core/Src/apc1.c:380:8:APC1_Get_RH_Raw	8	static
../Core/Src/apc1.c:386:9:APC1_Get_AQI	4	static
../Core/Src/apc1.c:392:13:APC1_Get_AQI_String	16	static
../Core/Src/apc1.c:400:13:APC1_Get_Error_String	4	static
../Core/Src/apc1.c:406:6:HAL_UART_RxCpltCallback	16	static
